ets Jul 29 2019 12:21:46

rst:0x1 (POWERON_RESET�ets Jul 29 2019 12:21:46

rst:0x1 (POWERON_RESET),boot:0x13 (SPI_FAST_FLASH_BOOT)
configsip: 0, SPIWP:0xee
clk_drv:0x00,q_drv:0x00,d_drv:0x00,cs0_drv:0x00,hd_drv:0x00,wp_drv:0x00
mode:DIO, clock div:2
load:0x3fff0030,len:7172
load:0x40078000,len:15632
ho 0 tail 12 room 4
load:0x40080400,len:4
load:0x40080404,len:3904
entry 0x40080640
[0;32mI (31) boot: ESP-IDF v5.2.6 2nd stage bootloader[0m
[0;32mI (31) boot: compile time Jun 26 2026 16:35:46[0m
[0;32mI (31) boot: Multicore bootloader[0m
[0;32mI (35) boot: chip revision: v3.1[0m
[0;32mI (39) boot.esp32: SPI Speed      : 40MHz[0m
[0;32mI (44) boot.esp32: SPI Mode       : DIO[0m
[0;32mI (48) boot.esp32: SPI Flash Size : 2MB[0m
[0;32mI (53) boot: Enabling RNG early entropy source...[0m
[0;32mI (58) boot: Partition Table:[0m
[0;32mI (62) boot: ## Label            Usage          Type ST Offset   Length[0m
[0;32mI (69) boot:  0 nvs              WiFi data        01 02 00009000 00006000[0m
[0;32mI (77) boot:  1 phy_init         RF data          01 01 0000f000 00001000[0m
[0;32mI (84) boot:  2 factory          factory app      00 00 00010000 00100000[0m
[0;32mI (92) boot: End of partition table[0m
[0;32mI (96) esp_image: segment 0: paddr=00010020 vaddr=3f400020 size=1c1bch (115132) map[0m
[0;32mI (144) esp_image: segment 1: paddr=0002c1e4 vaddr=3ffb0000 size=03d38h ( 15672) load[0m
[0;32mI (150) esp_image: segment 2: paddr=0002ff24 vaddr=40080000 size=000f4h (   244) load[0m
[0;32mI (150) esp_image: segment 3: paddr=00030020 vaddr=400d0020 size=92e44h (601668) map[0m
[0;32mI (364) esp_image: segment 4: paddr=000c2e6c vaddr=400800f4 size=170a0h ( 94368) load[0m
[0;32mI (413) boot: Loaded app from partition at offset 0x10000[0m
[0;32mI (413) boot: Disabling RNG early entropy source...[0m
[0;32mI (424) cpu_start: Multicore app[0m
[0;32mI (434) cpu_start: Pro cpu start user code[0m
[0;32mI (434) cpu_start: cpu freq: 160000000 Hz[0m
[0;32mI (434) cpu_start: Application information:[0m
[0;32mI (437) cpu_start: Project name:     vital_signs_monitoring_sys[0m
[0;32mI (443) cpu_start: App version:      1[0m
[0;32mI (448) cpu_start: Compile time:     Jun 26 2026 16:01:12[0m
[0;32mI (454) cpu_start: ELF file SHA256:  019ef3c12...[0m
[0;32mI (459) cpu_start: ESP-IDF:          v5.2.6[0m
[0;32mI (464) cpu_start: Min chip rev:     v0.0[0m
[0;32mI (469) cpu_start: Max chip rev:     v3.99 [0m
[0;32mI (474) cpu_start: Chip rev:         v3.1[0m
[0;32mI (479) heap_init: Initializing. RAM available for dynamic allocation:[0m
[0;32mI (486) heap_init: At 3FFAE6E0 len 00001920 (6 KiB): DRAM[0m
[0;32mI (492) heap_init: At 3FFB8210 len 00027DF0 (159 KiB): DRAM[0m
[0;32mI (498) heap_init: At 3FFE0440 len 00003AE0 (14 KiB): D/IRAM[0m
[0;32mI (504) heap_init: At 3FFE4350 len 0001BCB0 (111 KiB): D/IRAM[0m
[0;32mI (511) heap_init: At 40097194 len 00008E6C (35 KiB): IRAM[0m
[0;32mI (518) spi_flash: detected chip: generic[0m
[0;32mI (522) spi_flash: flash io: dio[0m
[0;33mW (525) spi_flash: Detected size(4096k) larger than the size in the binary image header(2048k). Using the size in the binary image header.[0m
[0;32mI (540) main_task: Started on CPU0[0m
[0;32mI (550) main_task: Calling app_main()[0m
[0;32mI (580) wifi:wifi driver task: 3ffbfeb0, prio:23, stack:6656, core=0[0m
[0;32mI (590) wifi:wifi firmware version: e851349[0m
[0;32mI (590) wifi:wifi certification version: v7.0[0m
[0;32mI (590) wifi:config NVS flash: enabled[0m
[0;32mI (590) wifi:config nano formating: disabled[0m
[0;32mI (590) wifi:Init data frame dynamic rx buffer num: 32[0m
[0;32mI (600) wifi:Init static rx mgmt buffer num: 5[0m
[0;32mI (600) wifi:Init management short buffer num: 32[0m
[0;32mI (610) wifi:Init dynamic tx buffer num: 32[0m
[0;32mI (610) wifi:Init static rx buffer size: 2212[0m
[0;32mI (620) wifi:Init static rx buffer num: 10[0m
[0;32mI (620) wifi:Init dynamic rx buffer num: 32[0m
[0;32mI (620) wifi_init: rx ba win: 6[0m
[0;32mI (630) wifi_init: tcpip mbox: 32[0m
[0;32mI (630) wifi_init: udp mbox: 6[0m
[0;32mI (630) wifi_init: tcp mbox: 6[0m
[0;32mI (640) wifi_init: tcp tx win: 5760[0m
[0;32mI (640) wifi_init: tcp rx win: 5760[0m
[0;32mI (650) wifi_init: tcp mss: 1440[0m
[0;32mI (650) wifi_init: WiFi IRAM OP enabled[0m
[0;32mI (660) wifi_init: WiFi RX IRAM OP enabled[0m
[0;33mW (660) wifi:Password length matches WPA2 standards, authmode threshold changes from OPEN to WPA2[0m
[0;32mI (670) phy_init: phy_version 4861,b71b5ad,Aug  5 2025,11:16:06[0m
[0;32mI (760) wifi:mode : sta (f4:2d:c9:73:dd:6c)[0m
[0;32mI (760) wifi:enable tsf[0m
[0;31mE (770) esp-tls: couldn't get hostname for :broker.hivemq.com: getaddrinfo() returns 202, addrinfo=0x0[0m
[0;31mE (770) transport_base: Failed to open a new connection: 32769[0m
[0;31mE (770) mqtt_client: Error transport connect[0m
[0;32mI (780) main_task: Returned from app_main()[0m
[0;32mI (1390) wifi:new:<6,0>, old:<1,0>, ap:<255,255>, sta:<6,0>, prof:1[0m
[0;32mI (1390) wifi:state: init -> auth (b0)[0m
[0;32mI (1430) wifi:state: auth -> assoc (0)[0m
[0;32mI (1430) wifi:state: assoc -> run (10)[0m
[0;32mI (1560) wifi:connected with ME41004_LAB, aid = 13, channel 6, BW20, bssid = f2:a5:ba:40:8a:33[0m
[0;32mI (1560) wifi:security: WPA2-PSK, phy: bgn, rssi: -41[0m
[0;32mI (1580) wifi:pm start, type: 1[0m

[0;32mI (1580) wifi:dp: 1, bi: 102400, li: 3, scale listen interval from 307200 us to 307200 us[0m
[0;32mI (1580) wifi:<ba-add>idx:0 (ifx:0, f2:a5:ba:40:8a:33), tid:0, ssn:450, winSize:64[0m
[0;32mI (1590) wifi:<ba-add>idx:1 (ifx:0, f2:a5:ba:40:8a:33), tid:2, ssn:3027, winSize:64[0m
[0;32mI (1620) wifi:AP's beacon interval = 102400 us, DTIM period = 1[0m
[0;31mE (15780) esp-tls: couldn't get hostname for :broker.hivemq.com: getaddrinfo() returns 202, addrinfo=0x0[0m
[0;31mE (15780) transport_base: Failed to open a new connection: 32769[0m
[0;31mE (15780) mqtt_client: Error transport connect[0m
[0;31mE (30790) esp-tls: couldn't get hostname for :broker.hivemq.com: getaddrinfo() returns 202, addrinfo=0x0[0m
[0;31mE (30790) transport_base: Failed to open a new connection: 32769[0m
[0;31mE (30790) mqtt_client: Error transport connect[0m
[0;31mE (45800) esp-tls: couldn't get hostname for :broker.hivemq.com: getaddrinfo() returns 202, addrinfo=0x0[0m
[0;31mE (45800) transport_base: Failed to open a new connection: 32769[0m
[0;31mE (45800) mqtt_client: Error transport connect[0m
[0;31mE (60810) esp-tls: couldn't get hostname for :broker.hivemq.com: getaddrinfo() returns 202, addrinfo=0x0[0m
[0;31mE (60810) transport_base: Failed to open a new connection: 32769[0m
[0;31mE (60810) mqtt_client: Error transport connect[0m
[0;31mE (75820) esp-tls: couldn't get hostname for :broker.hivemq.com: getaddrinfo() returns 202, addrinfo=0x0[0m
[0;31mE (75820) transport_base: Failed to open a new connection: 32769[0m
[0;31mE (75820) mqtt_client: Error transport connect[0m
[0;31mE (90830) esp-tls: couldn't get hostname for :broker.hivemq.com: getaddrinfo() returns 202, addrinfo=0x0[0m
[0;31mE (90830) transport_base: Failed to open a new connection: 32769[0m
[0;31mE (90830) mqtt_client: Error transport connect[0m
[0;31mE (105840) esp-tls: couldn't get hostname for :broker.hivemq.com: getaddrinfo() returns 202, addrinfo=0x0[0m
[0;31mE (105840) transport_base: Failed to open a new connection: 32769[0m
[0;31mE (105840) mqtt_client: Error transport connect[0m
[0;31mE (120850) esp-tls: couldn't get hostname for :broker.hivemq.com: getaddrinfo() returns 202, addrinfo=0x0[0m
[0;31mE (120850) transport_base: Failed to open a new connection: 32769[0m
[0;31mE (120850) mqtt_client: Error transport connect[0m
[0;31mE (135860) esp-tls: couldn't get hostname for :broker.hivemq.com: getaddrinfo() returns 202, addrinfo=0x0[0m
[0;31mE (135860) transport_base: Failed to open a new connection: 32769[0m
[0;31mE (135860) mqtt_client: Error transport connect[0m
[0;31mE (150870) esp-tls: couldn't get hostname for :broker.hivemq.com: getaddrinfo() returns 202, addrinfo=0x0[0m
[0;31mE (150870) transport_base: Failed to open a new connection: 32769[0m
[0;31mE (150870) mqtt_client: Error transport connect[0m
[0;31mE (165880) esp-tls: couldn't get hostname for :broker.hivemq.com: getaddrinfo() returns 202, addrinfo=0x0[0m
[0;31mE (165880) transport_base: Failed to open a new connection: 32769[0m
[0;31mE (165880) mqtt_client: Error transport connect[0m
[0;31mE (180890) esp-tls: couldn't get hostname for :broker.hivemq.com: getaddrinfo() returns 202, addrinfo=0x0[0m
[0;31mE (180890) transport_base: Failed to open a new connection: 32769[0m
[0;31mE (180890) mqtt_client: Error transport connect[0m
[0;31mE (195900) esp-tls: couldn't get hostname for :broker.hivemq.com: getaddrinfo() returns 202, addrinfo=0x0[0m
[0;31mE (195900) transport_base: Failed to open a new connection: 32769[0m
[0;31mE (195900) mqtt_client: Error transport connect[0m
[0;31mE (210910) esp-tls: couldn't get hostname for :broker.hivemq.com: getaddrinfo() returns 202, addrinfo=0x0[0m
[0;31mE (210910) transport_base: Failed to open a new connection: 32769[0m
[0;31mE (210910) mqtt_client: Error transport connect[0m
[0;31mE (225920) esp-tls: couldn't get hostname for :broker.hivemq.com: getaddrinfo() returns 202, addrinfo=0x0[0m
[0;31mE (225920) transport_base: Failed to open a new connection: 32769[0m
[0;31mE (225920) mqtt_client: Error transport connect[0m
[0;31mE (240930) esp-tls: couldn't get hostname for :broker.hivemq.com: getaddrinfo() returns 202, addrinfo=0x0[0m
[0;31mE (240930) transport_base: Failed to open a new connection: 32769[0m
[0;31mE (240930) mqtt_client: Error transport connect[0m
