ets Jul 29 2019 12:21:46

rst:0x1 (POWERON_RESET�ets Jul 29 2019 12:21:46

rst:0x1 (POWERON_RESET),boot:0x13 (SPI_FAST_FLASH_BOOT)
configsip: 0, SPIWP:0xee
clk_drv:0x00,q_drv:0x00,d_drv:0x00,cs0_drv:0x00,hd_drv:0x00,wp_drv:0x00
mode:DIO, clock div:2
load:0x3fff0030,len:7172
load:0x40078000,len:15632
ho 0 tail 12 room 4
load:0x40080400,len:4
load:0x40080404,len:3904
entry 0x40080640
[0;32mI (31) boot: ESP-IDF v5.2.6 2nd stage bootloader[0m
[0;32mI (31) boot: compile time Jun 26 2026 16:35:46[0m
[0;32mI (31) boot: Multicore bootloader[0m
[0;32mI (35) boot: chip revision: v3.1[0m
[0;32mI (39) boot.esp32: SPI Speed      : 40MHz[0m
[0;32mI (44) boot.esp32: SPI Mode       : DIO[0m
[0;32mI (48) boot.esp32: SPI Flash Size : 2MB[0m
[0;32mI (53) boot: Enabling RNG early entropy source...[0m
[0;32mI (58) boot: Partition Table:[0m
[0;32mI (62) boot: ## Label            Usage          Type ST Offset   Length[0m
[0;32mI (69) boot:  0 nvs              WiFi data        01 02 00009000 00006000[0m
[0;32mI (77) boot:  1 phy_init         RF data          01 01 0000f000 00001000[0m
[0;32mI (84) boot:  2 factory          factory app      00 00 00010000 00100000[0m
[0;32mI (92) boot: End of partition table[0m
[0;32mI (96) esp_image: segment 0: paddr=00010020 vaddr=3f400020 size=1d7e4h (120804) map[0m
[0;32mI (146) esp_image: segment 1: paddr=0002d80c vaddr=3ffb0000 size=0280ch ( 10252) load[0m
[0;32mI (150) esp_image: segment 2: paddr=00030020 vaddr=400d0020 size=97e18h (622104) map[0m
[0;32mI (365) esp_image: segment 3: paddr=000c7e40 vaddr=3ffb280c size=0154ch (  5452) load[0m
[0;32mI (367) esp_image: segment 4: paddr=000c9394 vaddr=40080000 size=1729ch ( 94876) load[0m
[0;32mI (419) boot: Loaded app from partition at offset 0x10000[0m
[0;32mI (419) boot: Disabling RNG early entropy source...[0m
[0;32mI (431) cpu_start: Multicore app[0m
[0;32mI (440) cpu_start: Pro cpu start user code[0m
[0;32mI (440) cpu_start: cpu freq: 160000000 Hz[0m
[0;32mI (440) cpu_start: Application information:[0m
[0;32mI (443) cpu_start: Project name:     vital_signs_monitoring_sys[0m
[0;32mI (450) cpu_start: App version:      1[0m
[0;32mI (454) cpu_start: Compile time:     Jun 26 2026 16:01:12[0m
[0;32mI (460) cpu_start: ELF file SHA256:  3fa445525...[0m
[0;32mI (466) cpu_start: ESP-IDF:          v5.2.6[0m
[0;32mI (470) cpu_start: Min chip rev:     v0.0[0m
[0;32mI (475) cpu_start: Max chip rev:     v3.99 [0m
[0;32mI (480) cpu_start: Chip rev:         v3.1[0m
[0;32mI (485) heap_init: Initializing. RAM available for dynamic allocation:[0m
[0;32mI (492) heap_init: At 3FFAE6E0 len 00001920 (6 KiB): DRAM[0m
[0;32mI (498) heap_init: At 3FFB8278 len 00027D88 (159 KiB): DRAM[0m
[0;32mI (504) heap_init: At 3FFE0440 len 00003AE0 (14 KiB): D/IRAM[0m
[0;32mI (511) heap_init: At 3FFE4350 len 0001BCB0 (111 KiB): D/IRAM[0m
[0;32mI (517) heap_init: At 4009729C len 00008D64 (35 KiB): IRAM[0m
[0;32mI (525) spi_flash: detected chip: generic[0m
[0;32mI (528) spi_flash: flash io: dio[0m
[0;33mW (532) spi_flash: Detected size(4096k) larger than the size in the binary image header(2048k). Using the size in the binary image header.[0m
[0;32mI (546) main_task: Started on CPU0[0m
[0;32mI (556) main_task: Calling app_main()[0m
[0;32mI (586) wifi:wifi driver task: 3ffc02c0, prio:23, stack:6656, core=0[0m
[0;32mI (596) wifi:wifi firmware version: e851349[0m
[0;32mI (596) wifi:wifi certification version: v7.0[0m
[0;32mI (596) wifi:config NVS flash: enabled[0m
[0;32mI (596) wifi:config nano formating: disabled[0m
[0;32mI (596) wifi:Init data frame dynamic rx buffer num: 32[0m
[0;32mI (606) wifi:Init static rx mgmt buffer num: 5[0m
[0;32mI (606) wifi:Init management short buffer num: 32[0m
[0;32mI (616) wifi:Init dynamic tx buffer num: 32[0m
[0;32mI (616) wifi:Init static rx buffer size: 2212[0m
[0;32mI (626) wifi:Init static rx buffer num: 10[0m
[0;32mI (626) wifi:Init dynamic rx buffer num: 32[0m
[0;32mI (626) wifi_init: rx ba win: 6[0m
[0;32mI (636) wifi_init: tcpip mbox: 32[0m
[0;32mI (636) wifi_init: udp mbox: 6[0m
[0;32mI (646) wifi_init: tcp mbox: 6[0m
[0;32mI (646) wifi_init: tcp tx win: 5760[0m
[0;32mI (646) wifi_init: tcp rx win: 5760[0m
[0;32mI (656) wifi_init: tcp mss: 1440[0m
[0;32mI (656) wifi_init: WiFi IRAM OP enabled[0m
[0;32mI (666) wifi_init: WiFi RX IRAM OP enabled[0m
[0;33mW (666) wifi:Password length matches WPA2 standards, authmode threshold changes from OPEN to WPA2[0m
[0;32mI (676) wifi:Set ps type: 0, coexist: 0[0m

[0;32mI (676) phy_init: phy_version 4861,b71b5ad,Aug  5 2025,11:16:06[0m
[0;32mI (766) wifi:mode : sta (8c:94:df:46:0f:68)[0m
[0;32mI (776) wifi:enable tsf[0m
[0;32mI (776) PROBE: EVENT: STA_START[0m
[0;32mI (776) main_task: Returned from app_main()[0m
[0;32mI (826) wifi:new:<11,0>, old:<1,0>, ap:<255,255>, sta:<11,0>, prof:1[0m
[0;32mI (836) wifi:state: init -> auth (b0)[0m
[0;32mI (836) wifi:state: auth -> assoc (0)[0m
[0;32mI (856) wifi:state: assoc -> run (10)[0m
[0;32mI (886) wifi:connected with 4223PSTS, aid = 17, channel 11, BW20, bssid = 4c:49:68:d0:9b:0c[0m
[0;32mI (886) wifi:security: WPA2-PSK, phy: bgn, rssi: -53[0m
[0;32mI (896) wifi:pm start, type: 0[0m

[0;32mI (896) wifi:dp: 1, bi: 102400, li: 3, scale listen interval from 307200 us to 307200 us[0m
[0;32mI (916) wifi:<ba-add>idx:0 (ifx:0, 4c:49:68:d0:9b:0c), tid:0, ssn:0, winSize:64[0m
[0;32mI (926) wifi:AP's beacon interval = 102400 us, DTIM period = 1[0m
[0;32mI (1906) esp_netif_handlers: sta ip: 192.168.110.51, mask: 255.255.255.0, gw: 192.168.110.1[0m
[0;32mI (1906) PROBE: EVENT: GOT_IP[0m
[0;32mI (1906) WIFI: got ip:192.168.110.51[0m
[0;32mI (1906) PROBE: set_csi_config => ESP_OK[0m
[0;32mI (1916) PROBE: set_csi(true) => ESP_OK[0m
[0;32mI (1916) MQTT: MQTT client started (after IP)[0m
[0;32mI (1956) wifi:<ba-add>idx:1 (ifx:0, 4c:49:68:d0:9b:0c), tid:7, ssn:7, winSize:64[0m
[0;32mI (2006) MQTT: CONNECTED to broker[0m
[0;32mI (8926) CSI: published=50 last_ret=0 qdepth=0[0m
[0;32mI (15076) CSI: published=100 last_ret=0 qdepth=0[0m
[0;32mI (21286) CSI: published=150 last_ret=0 qdepth=0[0m
[0;32mI (41806) CSI: published=200 last_ret=0 qdepth=0[0m
[0;32mI (52626) CSI: published=250 last_ret=0 qdepth=0[0m
[0;32mI (59116) CSI: published=300 last_ret=0 qdepth=0[0m
[0;32mI (69426) CSI: published=350 last_ret=0 qdepth=1[0m
[0;32mI (84246) CSI: published=400 last_ret=0 qdepth=2[0m
[0;32mI (93826) CSI: published=450 last_ret=0 qdepth=0[0m
[0;32mI (106956) CSI: published=500 last_ret=0 qdepth=0[0m
[0;32mI (123236) CSI: published=550 last_ret=0 qdepth=16[0m
[0;32mI (131676) CSI: published=600 last_ret=0 qdepth=0[0m
[0;32mI (138826) CSI: published=650 last_ret=0 qdepth=1[0m
[0;32mI (145146) CSI: published=700 last_ret=0 qdepth=0[0m
[0;32mI (151596) CSI: published=750 last_ret=0 qdepth=0[0m
[0;32mI (157946) CSI: published=800 last_ret=0 qdepth=0[0m
[0;32mI (164256) CSI: published=850 last_ret=0 qdepth=0[0m
[0;32mI (171526) CSI: published=900 last_ret=0 qdepth=0[0m
[0;32mI (178436) CSI: published=950 last_ret=0 qdepth=0[0m
[0;32mI (184916) CSI: published=1000 last_ret=0 qdepth=0[0m
[0;32mI (191326) CSI: published=1050 last_ret=0 qdepth=1[0m
[0;32mI (197746) CSI: published=1100 last_ret=0 qdepth=1[0m
[0;33mW (212846) transport_base: Poll timeout or error, errno=Success, fd=55, timeout_ms=5000[0m
[0;31mE (212846) mqtt_client: Writing didn't complete in specified timeout: errno=0[0m
[0;33mW (212846) MQTT: DISCONNECTED from broker[0m
[0;33mW (212856) mqtt_client: Publish: Losing qos0 data when client not connected[0m
[0;32mI (217446) MQTT: CONNECTED to broker[0m
[0;33mW (223826) transport_base: Poll timeout or error, errno=Success, fd=55, timeout_ms=5000[0m
[0;31mE (223826) mqtt_client: Writing didn't complete in specified timeout: errno=0[0m
[0;33mW (223826) MQTT: DISCONNECTED from broker[0m
[0;33mW (223836) mqtt_client: Publish: Losing qos0 data when client not connected[0m
[0;32mI (226876) MQTT: CONNECTED to broker[0m
[0;33mW (234806) transport_base: Poll timeout or error, errno=Success, fd=55, timeout_ms=5000[0m
[0;31mE (234806) mqtt_client: Writing didn't complete in specified timeout: errno=0[0m
[0;33mW (234806) MQTT: DISCONNECTED from broker[0m
[0;33mW (234816) mqtt_client: Publish: Losing qos0 data when client not connected[0m
[0;32mI (237836) MQTT: CONNECTED to broker[0m
[0;33mW (246286) transport_base: Poll timeout or error, errno=Success, fd=55, timeout_ms=5000[0m
[0;31mE (246286) mqtt_client: Writing didn't complete in specified timeout: errno=0[0m
[0;33mW (246286) MQTT: DISCONNECTED from broker[0m
[0;33mW (246296) mqtt_client: Publish: Losing qos0 data when client not connected[0m
[0;32mI (249326) MQTT: CONNECTED to broker[0m
[0;32mI (249756) CSI: published=1150 last_ret=0 qdepth=0[0m
[0;33mW (255436) transport_base: Poll timeout or error, errno=Success, fd=55, timeout_ms=5000[0m
[0;31mE (255436) mqtt_client: Writing didn't complete in specified timeout: errno=0[0m
[0;33mW (255436) MQTT: DISCONNECTED from broker[0m
[0;33mW (255446) mqtt_client: Publish: Losing qos0 data when client not connected[0m
[0;32mI (258456) MQTT: CONNECTED to broker[0m
[0;33mW (272136) transport_base: Poll timeout or error, errno=Success, fd=55, timeout_ms=5000[0m
[0;31mE (272136) mqtt_client: Writing didn't complete in specified timeout: errno=0[0m
[0;33mW (272136) MQTT: DISCONNECTED from broker[0m
[0;33mW (272146) mqtt_client: Publish: Losing qos0 data when client not connected[0m
[0;32mI (275176) MQTT: CONNECTED to broker[0m
[0;32mI (277816) CSI: published=1200 last_ret=0 qdepth=0[0m
[0;32mI (286066) CSI: published=1250 last_ret=0 qdepth=0[0m
ets Jul 29 2019 12:21:46

rst:0x1 (POWERON_RESET),boot:0x13 (SPI_FAST_FLASH_BOOT)
configsip: 0, SPIWP:0xee
clk_drv:0x00,q_drv:0x00,d_drv:0x00,cs0_drv:0x00,hd_drv:0x00,wp_drv:0x00
mode:DIO, clock div:2
load:0x3fff0030,len:7172
load:0x40078000,len:15632
ho 0 tail 12 room 4
load:0x40080400,len:4
load:0x40080404,len:3904
entry 0x40080640
[0;32mI (31) boot: ESP-IDF v5.2.6 2nd stage bootloader[0m
[0;32mI (31) boot: compile time Jun 26 2026 16:35:46[0m
[0;32mI (31) boot: Multicore bootloader[0m
[0;32mI (35) boot: chip revision: v3.1[0m
[0;32mI (39) boot.esp32: SPI Speed      : 40MHz[0m
[0;32mI (44) boot.esp32: SPI Mode       : DIO[0m
[0;32mI (48) boot.esp32: SPI Flash Size : 2MB[0m
[0;32mI (53) boot: Enabling RNG early entropy source...[0m
[0;32mI (58) boot: Partition Table:[0m
[0;32mI (62) boot: ## Label            Usage          Type ST Offset   Length[0m
[0;32mI (69) boot:  0 nvs              WiFi data        01 02 00009000 00006000[0m
[0;32mI (77) boot:  1 phy_init         RF data          01 01 0000f000 00001000[0m
[0;32mI (84) boot:  2 factory          factory app      00 00 00010000 00100000[0m
[0;32mI (92) boot: End of partition table[0m
[0;32mI (96) esp_image: segment 0: paddr=00010020 vaddr=3f400020 size=1d7e4h (120804) map[0m
[0;32mI (146) esp_image: segment 1: paddr=0002d80c vaddr=3ffb0000 size=0280ch ( 10252) load[0m
[0;32mI (150) esp_image: segment 2: paddr=00030020 vaddr=400d0020 size=97e18h (622104) map[0m
[0;32mI (365) esp_image: segment 3: paddr=000c7e40 vaddr=3ffb280c size=0154ch (  5452) load[0m
[0;32mI (367) esp_image: segment 4: paddr=000c9394 vaddr=40080000 size=1729ch ( 94876) load[0m
[0;32mI (419) boot: Loaded app from partition at offset 0x10000[0m
[0;32mI (419) boot: Disabling RNG early entropy source...[0m
[0;32mI (431) cpu_start: Multicore app[0m
[0;32mI (440) cpu_start: Pro cpu start user code[0m
[0;32mI (440) cpu_start: cpu freq: 160000000 Hz[0m
[0;32mI (440) cpu_start: Application information:[0m
[0;32mI (443) cpu_start: Project name:     vital_signs_monitoring_sys[0m
[0;32mI (450) cpu_start: App version:      1[0m
[0;32mI (454) cpu_start: Compile time:     Jun 26 2026 16:01:12[0m
[0;32mI (460) cpu_start: ELF file SHA256:  3fa445525...[0m
[0;32mI (466) cpu_start: ESP-IDF:          v5.2.6[0m
[0;32mI (470) cpu_start: Min chip rev:     v0.0[0m
[0;32mI (475) cpu_start: Max chip rev:     v3.99 [0m
[0;32mI (480) cpu_start: Chip rev:         v3.1[0m
[0;32mI (485) heap_init: Initializing. RAM available for dynamic allocation:[0m
[0;32mI (492) heap_init: At 3FFAE6E0 len 00001920 (6 KiB): DRAM[0m
[0;32mI (498) heap_init: At 3FFB8278 len 00027D88 (159 KiB): DRAM[0m
[0;32mI (504) heap_init: At 3FFE0440 len 00003AE0 (14 KiB): D/IRAM[0m
[0;32mI (511) heap_init: At 3FFE4350 len 0001BCB0 (111 KiB): D/IRAM[0m
[0;32mI (517) heap_init: At 4009729C len 00008D64 (35 KiB): IRAM[0m
[0;32mI (525) spi_flash: detected chip: generic[0m
[0;32mI (528) spi_flash: flash io: dio[0m
[0;33mW (532) spi_flash: Detected size(4096k) larger than the size in the binary image header(2048k). Using the size in the binary image header.[0m
[0;32mI (546) main_task: Started on CPU0[0m
[0;32mI (556) main_task: Calling app_main()[0m
[0;32mI (586) wifi:wifi driver task: 3ffc02c0, prio:23, stack:6656, core=0[0m
[0;32mI (596) wifi:wifi firmware version: e851349[0m
[0;32mI (596) wifi:wifi certification version: v7.0[0m
[0;32mI (596) wifi:config NVS flash: enabled[0m
[0;32mI (596) wifi:config nano formating: disabled[0m
[0;32mI (596) wifi:Init data frame dynamic rx buffer num: 32[0m
[0;32mI (606) wifi:Init static rx mgmt buffer num: 5[0m
[0;32mI (606) wifi:Init management short buffer num: 32[0m
[0;32mI (616) wifi:Init dynamic tx buffer num: 32[0m
[0;32mI (616) wifi:Init static rx buffer size: 2212[0m
[0;32mI (626) wifi:Init static rx buffer num: 10[0m
[0;32mI (626) wifi:Init dynamic rx buffer num: 32[0m
[0;32mI (626) wifi_init: rx ba win: 6[0m
[0;32mI (636) wifi_init: tcpip mbox: 32[0m
[0;32mI (636) wifi_init: udp mbox: 6[0m
[0;32mI (646) wifi_init: tcp mbox: 6[0m
[0;32mI (646) wifi_init: tcp tx win: 5760[0m
[0;32mI (646) wifi_init: tcp rx win: 5760[0m
[0;32mI (656) wifi_init: tcp mss: 1440[0m
[0;32mI (656) wifi_init: WiFi IRAM OP enabled[0m
[0;32mI (666) wifi_init: WiFi RX IRAM OP enabled[0m
[0;33mW (666) wifi:Password length matches WPA2 standards, authmode threshold changes from OPEN to WPA2[0m
[0;32mI (676) wifi:Set ps type: 0, coexist: 0[0m

[0;32mI (676) phy_init: phy_version 4861,b71b5ad,Aug  5 2025,11:16:06[0m
[0;32mI (776) wifi:mode : sta (8c:94:df:46:0f:68)[0m
[0;32mI (776) wifi:enable tsf[0m
[0;32mI (786) PROBE: EVENT: STA_START[0m
[0;32mI (786) main_task: Returned from app_main()[0m
[0;32mI (836) wifi:new:<11,0>, old:<1,0>, ap:<255,255>, sta:<11,0>, prof:1[0m
[0;32mI (846) wifi:state: init -> auth (b0)[0m
[0;32mI (846) wifi:state: auth -> assoc (0)[0m
[0;32mI (866) wifi:state: assoc -> run (10)[0m
[0;32mI (906) wifi:connected with 4223PSTS, aid = 17, channel 11, BW20, bssid = 4c:49:68:d0:9b:0c[0m
[0;32mI (906) wifi:security: WPA2-PSK, phy: bgn, rssi: -68[0m
[0;32mI (906) wifi:pm start, type: 0[0m

[0;32mI (906) wifi:dp: 1, bi: 102400, li: 3, scale listen interval from 307200 us to 307200 us[0m
[0;32mI (936) wifi:AP's beacon interval = 102400 us, DTIM period = 1[0m
[0;32mI (946) wifi:<ba-add>idx:0 (ifx:0, 4c:49:68:d0:9b:0c), tid:0, ssn:0, winSize:64[0m
[0;32mI (1916) esp_netif_handlers: sta ip: 192.168.110.51, mask: 255.255.255.0, gw: 192.168.110.1[0m
[0;32mI (1916) PROBE: EVENT: GOT_IP[0m
[0;32mI (1916) WIFI: got ip:192.168.110.51[0m
[0;32mI (1916) PROBE: set_csi_config => ESP_OK[0m
[0;32mI (1926) PROBE: set_csi(true) => ESP_OK[0m
[0;32mI (1926) MQTT: MQTT client started (after IP)[0m
[0;32mI (1946) wifi:<ba-add>idx:1 (ifx:0, 4c:49:68:d0:9b:0c), tid:7, ssn:7, winSize:64[0m
[0;32mI (1996) MQTT: CONNECTED to broker[0m
[0;32mI (8506) CSI: published=50 last_ret=0 qdepth=0[0m
[0;32mI (14526) CSI: published=100 last_ret=0 qdepth=0[0m
[0;32mI (20746) CSI: published=150 last_ret=0 qdepth=0[0m
[0;32mI (27276) CSI: published=200 last_ret=0 qdepth=0[0m
[0;32mI (41656) CSI: published=250 last_ret=0 qdepth=0[0m
[0;32mI (49846) CSI: published=300 last_ret=0 qdepth=0[0m
[0;33mW (57976) transport_base: Poll timeout or error, errno=Success, fd=55, timeout_ms=5000[0m
[0;31mE (57976) mqtt_client: Writing didn't complete in specified timeout: errno=0[0m
[0;33mW (57976) MQTT: DISCONNECTED from broker[0m
[0;33mW (57986) mqtt_client: Publish: Losing qos0 data when client not connected[0m
[0;31mE (66106) mqtt_client: esp_mqtt_connect: mqtt_message_receive() returned 0[0m
[0;31mE (66106) mqtt_client: MQTT connect failed[0m
[0;33mW (66106) MQTT: DISCONNECTED from broker[0m
[0;32mI (73216) MQTT: CONNECTED to broker[0m
[0;33mW (98356) transport_base: Poll timeout or error, errno=Success, fd=55, timeout_ms=5000[0m
[0;31mE (98356) mqtt_client: Writing didn't complete in specified timeout: errno=0[0m
[0;33mW (98356) MQTT: DISCONNECTED from broker[0m
[0;33mW (98366) mqtt_client: Publish: Losing qos0 data when client not connected[0m
[0;32mI (101506) MQTT: CONNECTED to broker[0m
[0;32mI (153156) CSI: published=350 last_ret=0 qdepth=0[0m
[0;32mI (278236) CSI: published=400 last_ret=0 qdepth=0[0m
[0;32mI (285526) CSI: published=450 last_ret=0 qdepth=0[0m
[0;32mI (294336) CSI: published=500 last_ret=0 qdepth=0[0m
[0;32mI (302526) CSI: published=550 last_ret=0 qdepth=0[0m
[0;32mI (341086) CSI: published=600 last_ret=0 qdepth=0[0m
[0;32mI (451746) CSI: published=650 last_ret=0 qdepth=0[0m
